/home/user/personal/.venv/lib/python3.11/site-packages/sklearn/utils/validation.py:2830: UserWarning: X does not have valid feature names, but LogisticRegression was fitted with feature names
  warnings.warn(
diabetes logistic validation AP: 0.7193415750635881
diabetes random_forest validation AP: 0.6812631468096799
diabetes extra_trees validation AP: 0.7479889124646082
diabetes hist_gradient validation AP: 0.7110951702928159
diabetes xgboost validation AP: 0.7369544068057634
/home/user/personal/.venv/lib/python3.11/site-packages/sklearn/utils/validation.py:2830: UserWarning: X does not have valid feature names, but LogisticRegression was fitted with feature names
  warnings.warn(
diabetes {'baseline': {'threshold': 0.24000000000000005, 'accuracy': 0.6623376623376623, 'precision': 0.5057471264367817, 'recall': 0.8301886792452831, 'specificity': 0.5742574257425742, 'f1': 0.6285714285714286, 'roc_auc': 0.7881561741079769, 'average_precision': 0.6760589736210916, 'brier_score': 0.17425192442925666, 'log_loss': 0.5178857631951685, 'confusion_matrix': [[58, 43], [9, 44]]}, 'candidate_v2': {'threshold': 0.30473558580824406, 'accuracy': 0.6948051948051948, 'precision': 0.5375, 'recall': 0.8113207547169812, 'specificity': 0.6336633663366337, 'f1': 0.6466165413533834, 'roc_auc': 0.7905847188492434, 'average_precision': 0.6617539838729476, 'brier_score': 0.17502984736933497, 'log_loss': 0.522804778688034, 'confusion_matrix': [[64, 37], [10, 43]]}, 'paired_bootstrap_delta_95ci': {'roc_auc': [-0.026691453280341327, 0.03389814814814811], 'average_precision': [-0.056382305810979735, 0.03239428803011771], 'brier_score': [-0.012030544249358129, 0.013700874879504707]}, 'candidate_classification_report': {'negative': {'precision': 0.8648648648648649, 'recall': 0.6336633663366337, 'f1-score': 0.7314285714285714, 'support': 101.0}, 'positive': {'precision': 0.5375, 'recall': 0.8113207547169812, 'f1-score': 0.6466165413533834, 'support': 53.0}, 'accuracy': 0.6948051948051948, 'macro avg': {'precision': 0.7011824324324325, 'recall': 0.7224920605268075, 'f1-score': 0.6890225563909774, 'support': 154.0}, 'weighted avg': {'precision': 0.7522003334503334, 'recall': 0.6948051948051948, 'f1-score': 0.7022400156234743, 'support': 154.0}}}
cvd logistic validation AP: 0.28375116018873403
cvd random_forest validation AP: 0.2818137911151264
cvd extra_trees validation AP: 0.2574675920659909
cvd hist_gradient validation AP: 0.3039069736592037
cvd xgboost validation AP: 0.3027534765886144
cvd {'baseline': {'threshold': 0.1, 'accuracy': 0.5247641509433962, 'precision': 0.20726495726495728, 'recall': 0.751937984496124, 'specificity': 0.48400556328233657, 'f1': 0.3249581239530988, 'roc_auc': 0.6860195577406174, 'average_precision': 0.3104905743232042, 'brier_score': 0.12030763179063797, 'log_loss': 0.3981838524341583, 'confusion_matrix': [[348, 371], [32, 97]]}, 'candidate_v2': {'threshold': 0.12345137212194271, 'accuracy': 0.5754716981132075, 'precision': 0.21621621621621623, 'recall': 0.6821705426356589, 'specificity': 0.5563282336578581, 'f1': 0.3283582089552239, 'roc_auc': 0.6778794837791506, 'average_precision': 0.31112391013679075, 'brier_score': 0.12069235323765969, 'log_loss': 0.3993396989885784, 'confusion_matrix': [[400, 319], [41, 88]]}, 'paired_bootstrap_delta_95ci': {'roc_auc': [-0.019487984514423386, 0.003209331254844796], 'average_precision': [-0.02180899707877951, 0.01923665260659291], 'brier_score': [-0.0010531997645945063, 0.0017674845485781728]}, 'candidate_classification_report': {'negative': {'precision': 0.9070294784580499, 'recall': 0.5563282336578581, 'f1-score': 0.6896551724137931, 'support': 719.0}, 'positive': {'precision': 0.21621621621621623, 'recall': 0.6821705426356589, 'f1-score': 0.3283582089552239, 'support': 129.0}, 'accuracy': 0.5754716981132075, 'macro avg': {'precision': 0.5616228473371331, 'recall': 0.6192493881467585, 'f1-score': 0.5090066906845085, 'support': 848.0}, 'weighted avg': {'precision': 0.8019411402160729, 'recall': 0.5754716981132075, 'f1-score': 0.6346937239631382, 'support': 848.0}}}
/home/user/personal/.venv/lib/python3.11/site-packages/sklearn/utils/validation.py:2830: UserWarning: X does not have valid feature names, but LogisticRegression was fitted with feature names
  warnings.warn(
hypertension logistic validation AP: 0.638467854117961
hypertension random_forest validation AP: 0.6301965214194487
hypertension extra_trees validation AP: 0.6417205452539609
hypertension hist_gradient validation AP: 0.6277083812116667
hypertension xgboost validation AP: 0.6318334371252388
/home/user/personal/.venv/lib/python3.11/site-packages/sklearn/utils/validation.py:2830: UserWarning: X does not have valid feature names, but LogisticRegression was fitted with feature names
  warnings.warn(
hypertension {'baseline': {'threshold': 0.31000000000000005, 'accuracy': 0.6474056603773585, 'precision': 0.45384615384615384, 'recall': 0.6730038022813688, 'specificity': 0.6358974358974359, 'f1': 0.5421133231240429, 'roc_auc': 0.7400539468980534, 'average_precision': 0.5407194362256778, 'brier_score': 0.18326796301837017, 'log_loss': 0.5413101563267029, 'confusion_matrix': [[372, 213], [86, 177]]}, 'candidate_v2': {'threshold': 0.27844608837894264, 'accuracy': 0.6297169811320755, 'precision': 0.44110854503464203, 'recall': 0.7262357414448669, 'specificity': 0.5863247863247864, 'f1': 0.5488505747126436, 'roc_auc': 0.7315784342400311, 'average_precision': 0.528794760639853, 'brier_score': 0.18571079998197196, 'log_loss': 0.5474305682063694, 'confusion_matrix': [[343, 242], [72, 191]]}, 'paired_bootstrap_delta_95ci': {'roc_auc': [-0.022022292062456112, 0.0046244706608378075], 'average_precision': [-0.0360282171037134, 0.008856519771391179], 'brier_score': [-0.0017518976713884775, 0.006817872250557418]}, 'candidate_classification_report': {'negative': {'precision': 0.8265060240963855, 'recall': 0.5863247863247864, 'f1-score': 0.686, 'support': 585.0}, 'positive': {'precision': 0.44110854503464203, 'recall': 0.7262357414448669, 'f1-score': 0.5488505747126436, 'support': 263.0}, 'accuracy': 0.6297169811320755, 'macro avg': {'precision': 0.6338072845655138, 'recall': 0.6562802638848266, 'f1-score': 0.6174252873563219, 'support': 848.0}, 'weighted avg': {'precision': 0.7069782682081325, 'recall': 0.6297169811320755, 'f1-score': 0.6434642702233789, 'support': 848.0}}}
