{
  "diabetes": {
    "threshold": 0.30473558580824406,
    "accuracy": 0.6948051948051948,
    "precision": 0.5375,
    "recall": 0.8113207547169812,
    "specificity": 0.6336633663366337,
    "f1": 0.6466165413533834,
    "roc_auc": 0.7905847188492434,
    "average_precision": 0.6617539838729476,
    "brier_score": 0.17502984736933497,
    "log_loss": 0.522804778688034,
    "confusion_matrix": [
      [
        64,
        37
      ],
      [
        10,
        43
      ]
    ]
  },
  "cvd": {
    "threshold": 0.12345137212194271,
    "accuracy": 0.5754716981132075,
    "precision": 0.21621621621621623,
    "recall": 0.6821705426356589,
    "specificity": 0.5563282336578581,
    "f1": 0.3283582089552239,
    "roc_auc": 0.6778794837791506,
    "average_precision": 0.31112391013679075,
    "brier_score": 0.12069235323765969,
    "log_loss": 0.3993396989885784,
    "confusion_matrix": [
      [
        400,
        319
      ],
      [
        41,
        88
      ]
    ]
  },
  "hypertension": {
    "threshold": 0.27844608837894264,
    "accuracy": 0.6297169811320755,
    "precision": 0.44110854503464203,
    "recall": 0.7262357414448669,
    "specificity": 0.5863247863247864,
    "f1": 0.5488505747126436,
    "roc_auc": 0.7315784342400311,
    "average_precision": 0.528794760639853,
    "brier_score": 0.18571079998197196,
    "log_loss": 0.5474305682063694,
    "confusion_matrix": [
      [
        343,
        242
      ],
      [
        72,
        191
      ]
    ]
  },
  "wearable": {
    "accuracy": 0.6571164510166358,
    "macro_f1": 0.6549490466065404,
    "weighted_f1": 0.652134890994069,
    "log_loss": 1.1351799964904785
  }
}
